// Jest Snapshot v1, https://goo.gl/fbAQLP

exports[`snapshot test 1`] = `
<a
  class="article-card-arrow-bar"
  href="https://www.mirrormedia.mg/story/20200715edi026/"
  rel="noreferrer noopener"
  target="_blank"
>
  <span
    class="top-wrapper"
  >
    <span
      class="top-wrapper__bar-title-wrapper bar-title-wrapper"
    >
      <span
        class="bar-title"
      >
        生活
      </span>
    </span>
     
    <span
      class="top-wrapper__arrow-icon arrow-icon"
    />
  </span>
   
  <span
    class="bottom-wrapper"
  >
    <img
      alt="article-img"
      class="article-img"
      data-src="https://www.mirrormedia.com.tw/assets/images/20200715135810-51b41bed253ae37fe37c5f9972844e09-mobile.jpg"
      lazy="loading"
      src="data:image/gif;base64,R0lGODlhAQABAIAAAAAAAP///yH5BAEAAAAALAAAAAABAAEAAAIBRAA7"
    />
     
    <span
      class="bottom-wrapper__info-wrapper info-wrapper"
    >
      <span
        class="article-title"
      >
        振興券上路最大咖好禮　黃偉哲：來台南旅遊消費抽房子
      </span>
       
      <span
        class="article-date"
      >
        2020/01/02 03:04
      </span>
    </span>
  </span>
</a>
`;
